[debug] [2025-06-10T20:00:39.850Z] ----------------------------------------------------------------------
[debug] [2025-06-10T20:00:39.855Z] Command:       C:\Program Files\nodejs\node.exe C:\Users\smuindi\AppData\Roaming\npm\node_modules\firebase-tools\lib\bin\firebase.js deploy --only functions
[debug] [2025-06-10T20:00:39.855Z] CLI Version:   13.35.1
[debug] [2025-06-10T20:00:39.856Z] Platform:      win32
[debug] [2025-06-10T20:00:39.856Z] Node Version:  v18.20.7
[debug] [2025-06-10T20:00:39.858Z] Time:          Tue Jun 10 2025 23:00:39 GMT+0300 (East Africa Time)
[debug] [2025-06-10T20:00:39.858Z] ----------------------------------------------------------------------
[debug] 
[debug] [2025-06-10T20:00:40.505Z] > command requires scopes: ["email","openid","https://www.googleapis.com/auth/cloudplatformprojects.readonly","https://www.googleapis.com/auth/firebase","https://www.googleapis.com/auth/cloud-platform"]
[debug] [2025-06-10T20:00:40.507Z] > authorizing via signed-in user (stephenmuindi241@gmail.com)
[debug] [2025-06-10T20:00:40.507Z] [iam] checking project shambaapp-fdb50 for permissions ["cloudfunctions.functions.create","cloudfunctions.functions.delete","cloudfunctions.functions.get","cloudfunctions.functions.list","cloudfunctions.functions.update","cloudfunctions.operations.get","firebase.projects.get"]
[debug] [2025-06-10T20:00:40.511Z] Checked if tokens are valid: true, expires at: 1749588153436
[debug] [2025-06-10T20:00:40.512Z] Checked if tokens are valid: true, expires at: 1749588153436
[debug] [2025-06-10T20:00:40.515Z] >>> [apiv2][query] POST https://cloudresourcemanager.googleapis.com/v1/projects/shambaapp-fdb50:testIamPermissions [none]
[debug] [2025-06-10T20:00:40.516Z] >>> [apiv2][(partial)header] POST https://cloudresourcemanager.googleapis.com/v1/projects/shambaapp-fdb50:testIamPermissions x-goog-quota-user=projects/shambaapp-fdb50
[debug] [2025-06-10T20:00:40.516Z] >>> [apiv2][body] POST https://cloudresourcemanager.googleapis.com/v1/projects/shambaapp-fdb50:testIamPermissions {"permissions":["cloudfunctions.functions.create","cloudfunctions.functions.delete","cloudfunctions.functions.get","cloudfunctions.functions.list","cloudfunctions.functions.update","cloudfunctions.operations.get","firebase.projects.get"]}
[debug] [2025-06-10T20:00:42.677Z] <<< [apiv2][status] POST https://cloudresourcemanager.googleapis.com/v1/projects/shambaapp-fdb50:testIamPermissions 200
[debug] [2025-06-10T20:00:42.677Z] <<< [apiv2][body] POST https://cloudresourcemanager.googleapis.com/v1/projects/shambaapp-fdb50:testIamPermissions {"permissions":["cloudfunctions.functions.create","cloudfunctions.functions.delete","cloudfunctions.functions.get","cloudfunctions.functions.list","cloudfunctions.functions.update","cloudfunctions.operations.get","firebase.projects.get"]}
[debug] [2025-06-10T20:00:42.678Z] Checked if tokens are valid: true, expires at: 1749588153436
[debug] [2025-06-10T20:00:42.679Z] Checked if tokens are valid: true, expires at: 1749588153436
[debug] [2025-06-10T20:00:42.679Z] >>> [apiv2][query] POST https://iam.googleapis.com/v1/projects/shambaapp-fdb50/serviceAccounts/shambaapp-fdb50@appspot.gserviceaccount.com:testIamPermissions [none]
[debug] [2025-06-10T20:00:42.679Z] >>> [apiv2][body] POST https://iam.googleapis.com/v1/projects/shambaapp-fdb50/serviceAccounts/shambaapp-fdb50@appspot.gserviceaccount.com:testIamPermissions {"permissions":["iam.serviceAccounts.actAs"]}
[debug] [2025-06-10T20:00:44.489Z] <<< [apiv2][status] POST https://iam.googleapis.com/v1/projects/shambaapp-fdb50/serviceAccounts/shambaapp-fdb50@appspot.gserviceaccount.com:testIamPermissions 200
[debug] [2025-06-10T20:00:44.490Z] <<< [apiv2][body] POST https://iam.googleapis.com/v1/projects/shambaapp-fdb50/serviceAccounts/shambaapp-fdb50@appspot.gserviceaccount.com:testIamPermissions {"permissions":["iam.serviceAccounts.actAs"]}
[info] 
[info] === Deploying to 'shambaapp-fdb50'...
[info] 
[info] i  deploying functions 
[debug] [2025-06-10T20:00:44.498Z] Checked if tokens are valid: true, expires at: 1749588153436
[debug] [2025-06-10T20:00:44.498Z] Checked if tokens are valid: true, expires at: 1749588153436
[debug] [2025-06-10T20:00:44.499Z] >>> [apiv2][query] GET https://cloudresourcemanager.googleapis.com/v1/projects/shambaapp-fdb50 [none]
[debug] [2025-06-10T20:00:46.123Z] <<< [apiv2][status] GET https://cloudresourcemanager.googleapis.com/v1/projects/shambaapp-fdb50 200
[debug] [2025-06-10T20:00:46.124Z] <<< [apiv2][body] GET https://cloudresourcemanager.googleapis.com/v1/projects/shambaapp-fdb50 {"projectNumber":"932156534906","projectId":"shambaapp-fdb50","lifecycleState":"ACTIVE","name":"ShambaApp","labels":{"firebase":"enabled"},"createTime":"2023-07-18T07:25:41.892636Z"}
[info] i  functions: preparing codebase default for deployment 
[info] i  functions: ensuring required API cloudfunctions.googleapis.com is enabled... 
[debug] [2025-06-10T20:00:46.127Z] Checked if tokens are valid: true, expires at: 1749588153436
[debug] [2025-06-10T20:00:46.128Z] Checked if tokens are valid: true, expires at: 1749588153436
[debug] [2025-06-10T20:00:46.128Z] Checked if tokens are valid: true, expires at: 1749588153436
[debug] [2025-06-10T20:00:46.128Z] Checked if tokens are valid: true, expires at: 1749588153436
[info] i  functions: ensuring required API cloudbuild.googleapis.com is enabled... 
[debug] [2025-06-10T20:00:46.130Z] Checked if tokens are valid: true, expires at: 1749588153436
[debug] [2025-06-10T20:00:46.130Z] Checked if tokens are valid: true, expires at: 1749588153436
[info] i  artifactregistry: ensuring required API artifactregistry.googleapis.com is enabled... 
[debug] [2025-06-10T20:00:46.131Z] Checked if tokens are valid: true, expires at: 1749588153436
[debug] [2025-06-10T20:00:46.131Z] Checked if tokens are valid: true, expires at: 1749588153436
[debug] [2025-06-10T20:00:46.131Z] >>> [apiv2][query] GET https://serviceusage.googleapis.com/v1/projects/shambaapp-fdb50/services/cloudfunctions.googleapis.com [none]
[debug] [2025-06-10T20:00:46.131Z] >>> [apiv2][(partial)header] GET https://serviceusage.googleapis.com/v1/projects/shambaapp-fdb50/services/cloudfunctions.googleapis.com x-goog-quota-user=projects/shambaapp-fdb50
[debug] [2025-06-10T20:00:46.135Z] >>> [apiv2][query] GET https://serviceusage.googleapis.com/v1/projects/shambaapp-fdb50/services/runtimeconfig.googleapis.com [none]
[debug] [2025-06-10T20:00:46.135Z] >>> [apiv2][(partial)header] GET https://serviceusage.googleapis.com/v1/projects/shambaapp-fdb50/services/runtimeconfig.googleapis.com x-goog-quota-user=projects/shambaapp-fdb50
[debug] [2025-06-10T20:00:46.142Z] >>> [apiv2][query] GET https://serviceusage.googleapis.com/v1/projects/shambaapp-fdb50/services/cloudbuild.googleapis.com [none]
[debug] [2025-06-10T20:00:46.142Z] >>> [apiv2][(partial)header] GET https://serviceusage.googleapis.com/v1/projects/shambaapp-fdb50/services/cloudbuild.googleapis.com x-goog-quota-user=projects/shambaapp-fdb50
[debug] [2025-06-10T20:00:46.146Z] >>> [apiv2][query] GET https://serviceusage.googleapis.com/v1/projects/shambaapp-fdb50/services/artifactregistry.googleapis.com [none]
[debug] [2025-06-10T20:00:46.146Z] >>> [apiv2][(partial)header] GET https://serviceusage.googleapis.com/v1/projects/shambaapp-fdb50/services/artifactregistry.googleapis.com x-goog-quota-user=projects/shambaapp-fdb50
[debug] [2025-06-10T20:00:48.061Z] <<< [apiv2][status] GET https://serviceusage.googleapis.com/v1/projects/shambaapp-fdb50/services/runtimeconfig.googleapis.com 200
[debug] [2025-06-10T20:00:48.061Z] <<< [apiv2][body] GET https://serviceusage.googleapis.com/v1/projects/shambaapp-fdb50/services/runtimeconfig.googleapis.com [omitted]
[debug] [2025-06-10T20:00:48.073Z] <<< [apiv2][status] GET https://serviceusage.googleapis.com/v1/projects/shambaapp-fdb50/services/cloudbuild.googleapis.com 200
[debug] [2025-06-10T20:00:48.074Z] <<< [apiv2][body] GET https://serviceusage.googleapis.com/v1/projects/shambaapp-fdb50/services/cloudbuild.googleapis.com [omitted]
[info] +  functions: required API cloudbuild.googleapis.com is enabled 
[debug] [2025-06-10T20:00:48.079Z] <<< [apiv2][status] GET https://serviceusage.googleapis.com/v1/projects/shambaapp-fdb50/services/cloudfunctions.googleapis.com 200
[debug] [2025-06-10T20:00:48.079Z] <<< [apiv2][body] GET https://serviceusage.googleapis.com/v1/projects/shambaapp-fdb50/services/cloudfunctions.googleapis.com [omitted]
[info] +  functions: required API cloudfunctions.googleapis.com is enabled 
[debug] [2025-06-10T20:00:48.083Z] <<< [apiv2][status] GET https://serviceusage.googleapis.com/v1/projects/shambaapp-fdb50/services/artifactregistry.googleapis.com 200
[debug] [2025-06-10T20:00:48.083Z] <<< [apiv2][body] GET https://serviceusage.googleapis.com/v1/projects/shambaapp-fdb50/services/artifactregistry.googleapis.com [omitted]
[info] +  artifactregistry: required API artifactregistry.googleapis.com is enabled 
[debug] [2025-06-10T20:00:48.084Z] Checked if tokens are valid: true, expires at: 1749588153436
[debug] [2025-06-10T20:00:48.084Z] Checked if tokens are valid: true, expires at: 1749588153436
[debug] [2025-06-10T20:00:48.085Z] >>> [apiv2][query] GET https://firebase.googleapis.com/v1beta1/projects/shambaapp-fdb50/adminSdkConfig [none]
[debug] [2025-06-10T20:00:48.993Z] <<< [apiv2][status] GET https://firebase.googleapis.com/v1beta1/projects/shambaapp-fdb50/adminSdkConfig 200
[debug] [2025-06-10T20:00:48.993Z] <<< [apiv2][body] GET https://firebase.googleapis.com/v1beta1/projects/shambaapp-fdb50/adminSdkConfig {"projectId":"shambaapp-fdb50","databaseURL":"https://shambaapp-fdb50-default-rtdb.firebaseio.com","storageBucket":"shambaapp-fdb50.firebasestorage.app"}
[debug] [2025-06-10T20:00:48.994Z] Checked if tokens are valid: true, expires at: 1749588153436
[debug] [2025-06-10T20:00:48.994Z] Checked if tokens are valid: true, expires at: 1749588153436
[debug] [2025-06-10T20:00:48.995Z] >>> [apiv2][query] GET https://runtimeconfig.googleapis.com/v1beta1/projects/shambaapp-fdb50/configs [none]
[debug] [2025-06-10T20:00:49.808Z] <<< [apiv2][status] GET https://runtimeconfig.googleapis.com/v1beta1/projects/shambaapp-fdb50/configs 200
[debug] [2025-06-10T20:00:49.809Z] <<< [apiv2][body] GET https://runtimeconfig.googleapis.com/v1beta1/projects/shambaapp-fdb50/configs {}
[debug] [2025-06-10T20:00:49.814Z] Validating nodejs source
[warn] !  functions: Runtime Node.js 18 was deprecated on 2025-04-30 and will be decommissioned on 2025-10-31, after which you will not be able to deploy without upgrading. Consider upgrading now to avoid disruption. See https://cloud.google.com/functions/docs/runtime-support for full details on the lifecycle policy 
[debug] [2025-06-10T20:00:53.466Z] > [functions] package.json contents: {
  "name": "functions",
  "description": "Cloud Functions for Firebase",
  "scripts": {
    "serve": "firebase emulators:start --only functions",
    "shell": "firebase functions:shell",
    "start": "npm run shell",
    "deploy": "firebase deploy --only functions",
    "logs": "firebase functions:log"
  },
  "engines": {
    "node": "18"
  },
  "main": "index.js",
  "dependencies": {
    "body-parser": "^2.2.0",
    "express": "^5.1.0",
    "firebase-admin": "^12.6.0",
    "firebase-functions": "^6.0.1"
  },
  "devDependencies": {
    "firebase-functions-test": "^3.1.0"
  },
  "private": true
}
[debug] [2025-06-10T20:00:53.467Z] Building nodejs source
[info] i  functions: Loading and analyzing source code for codebase default to determine what to deploy 
[debug] [2025-06-10T20:00:53.473Z] Could not find functions.yaml. Must use http discovery
[debug] [2025-06-10T20:00:53.512Z] Found firebase-functions binary at 'C:\Users\smuindi\Agri-Sasa\functions\node_modules\.bin\firebase-functions'
[info] Serving at port 8940

[debug] [2025-06-10T20:00:55.664Z] Got response from /__/functions.yaml {"endpoints":{"api":{"availableMemoryMb":null,"timeoutSeconds":null,"minInstances":null,"maxInstances":null,"ingressSettings":null,"concurrency":null,"serviceAccountEmail":null,"vpc":null,"platform":"gcfv2","labels":{},"httpsTrigger":{},"entryPoint":"api"}},"specVersion":"v1alpha1","requiredAPIs":[],"extensions":{}}
[info] i  extensions: ensuring required API firebaseextensions.googleapis.com is enabled... 
[debug] [2025-06-10T20:00:55.748Z] Checked if tokens are valid: true, expires at: 1749588153436
[debug] [2025-06-10T20:00:55.748Z] Checked if tokens are valid: true, expires at: 1749588153436
[debug] [2025-06-10T20:00:55.749Z] >>> [apiv2][query] GET https://serviceusage.googleapis.com/v1/projects/shambaapp-fdb50/services/firebaseextensions.googleapis.com [none]
[debug] [2025-06-10T20:00:55.749Z] >>> [apiv2][(partial)header] GET https://serviceusage.googleapis.com/v1/projects/shambaapp-fdb50/services/firebaseextensions.googleapis.com x-goog-quota-user=projects/shambaapp-fdb50
[debug] [2025-06-10T20:00:57.621Z] <<< [apiv2][status] GET https://serviceusage.googleapis.com/v1/projects/shambaapp-fdb50/services/firebaseextensions.googleapis.com 200
[debug] [2025-06-10T20:00:57.622Z] <<< [apiv2][body] GET https://serviceusage.googleapis.com/v1/projects/shambaapp-fdb50/services/firebaseextensions.googleapis.com [omitted]
[info] +  extensions: required API firebaseextensions.googleapis.com is enabled 
[debug] [2025-06-10T20:00:57.623Z] > command requires scopes: ["email","openid","https://www.googleapis.com/auth/cloudplatformprojects.readonly","https://www.googleapis.com/auth/firebase","https://www.googleapis.com/auth/cloud-platform"]
[debug] [2025-06-10T20:00:57.624Z] > authorizing via signed-in user (stephenmuindi241@gmail.com)
[debug] [2025-06-10T20:00:57.624Z] [iam] checking project shambaapp-fdb50 for permissions ["firebase.projects.get","firebaseextensions.instances.list"]
[debug] [2025-06-10T20:00:57.625Z] Checked if tokens are valid: true, expires at: 1749588153436
[debug] [2025-06-10T20:00:57.625Z] Checked if tokens are valid: true, expires at: 1749588153436
[debug] [2025-06-10T20:00:57.625Z] >>> [apiv2][query] POST https://cloudresourcemanager.googleapis.com/v1/projects/shambaapp-fdb50:testIamPermissions [none]
[debug] [2025-06-10T20:00:57.625Z] >>> [apiv2][(partial)header] POST https://cloudresourcemanager.googleapis.com/v1/projects/shambaapp-fdb50:testIamPermissions x-goog-quota-user=projects/shambaapp-fdb50
[debug] [2025-06-10T20:00:57.626Z] >>> [apiv2][body] POST https://cloudresourcemanager.googleapis.com/v1/projects/shambaapp-fdb50:testIamPermissions {"permissions":["firebase.projects.get","firebaseextensions.instances.list"]}
[debug] [2025-06-10T20:00:59.089Z] <<< [apiv2][status] POST https://cloudresourcemanager.googleapis.com/v1/projects/shambaapp-fdb50:testIamPermissions 200
[debug] [2025-06-10T20:00:59.090Z] <<< [apiv2][body] POST https://cloudresourcemanager.googleapis.com/v1/projects/shambaapp-fdb50:testIamPermissions {"permissions":["firebase.projects.get","firebaseextensions.instances.list"]}
[debug] [2025-06-10T20:00:59.091Z] Checked if tokens are valid: true, expires at: 1749588153436
[debug] [2025-06-10T20:00:59.091Z] Checked if tokens are valid: true, expires at: 1749588153436
[debug] [2025-06-10T20:00:59.093Z] >>> [apiv2][query] GET https://firebaseextensions.googleapis.com/v1beta/projects/shambaapp-fdb50/instances pageSize=100&pageToken=
[debug] [2025-06-10T20:01:00.966Z] <<< [apiv2][status] GET https://firebaseextensions.googleapis.com/v1beta/projects/shambaapp-fdb50/instances 200
[debug] [2025-06-10T20:01:00.966Z] <<< [apiv2][body] GET https://firebaseextensions.googleapis.com/v1beta/projects/shambaapp-fdb50/instances {}
[info] i  functions: preparing functions directory for uploading... 
[info] i  functions: packaged C:\Users\smuindi\Agri-Sasa\functions (64.71 KB) for uploading 
[debug] [2025-06-10T20:01:01.140Z] Checked if tokens are valid: true, expires at: 1749588153436
[debug] [2025-06-10T20:01:01.140Z] Checked if tokens are valid: true, expires at: 1749588153436
[debug] [2025-06-10T20:01:01.140Z] >>> [apiv2][query] GET https://cloudfunctions.googleapis.com/v1/projects/shambaapp-fdb50/locations/-/functions [none]
[debug] [2025-06-10T20:01:02.292Z] <<< [apiv2][status] GET https://cloudfunctions.googleapis.com/v1/projects/shambaapp-fdb50/locations/-/functions 200
[debug] [2025-06-10T20:01:02.293Z] <<< [apiv2][body] GET https://cloudfunctions.googleapis.com/v1/projects/shambaapp-fdb50/locations/-/functions {}
[debug] [2025-06-10T20:01:02.294Z] Checked if tokens are valid: true, expires at: 1749588153436
[debug] [2025-06-10T20:01:02.294Z] Checked if tokens are valid: true, expires at: 1749588153436
[debug] [2025-06-10T20:01:02.294Z] >>> [apiv2][query] GET https://cloudfunctions.googleapis.com/v2/projects/shambaapp-fdb50/locations/-/functions filter=environment%3D%22GEN_2%22
[debug] [2025-06-10T20:01:03.834Z] <<< [apiv2][status] GET https://cloudfunctions.googleapis.com/v2/projects/shambaapp-fdb50/locations/-/functions 200
[debug] [2025-06-10T20:01:03.835Z] <<< [apiv2][body] GET https://cloudfunctions.googleapis.com/v2/projects/shambaapp-fdb50/locations/-/functions {"functions":[{"name":"projects/shambaapp-fdb50/locations/us-central1/functions/api","buildConfig":{"build":"projects/932156534906/locations/us-central1/builds/ed11c5e9-d6ec-4882-b37d-4110cb69b7a2","runtime":"nodejs22","entryPoint":"api","source":{"storageSource":{"bucket":"gcf-v2-sources-932156534906-us-central1","object":"api/function-source.zip","generation":"1749585159096285"}},"environmentVariables":{"GOOGLE_NODE_RUN_SCRIPTS":""},"dockerRepository":"projects/shambaapp-fdb50/locations/us-central1/repositories/gcf-artifacts","sourceProvenance":{"resolvedStorageSource":{"bucket":"gcf-v2-sources-932156534906-us-central1","object":"api/function-source.zip","generation":"1749585159096285"}},"dockerRegistry":"ARTIFACT_REGISTRY","serviceAccount":"projects/shambaapp-fdb50/serviceAccounts/932156534906-compute@developer.gserviceaccount.com","automaticUpdatePolicy":{}},"state":"FAILED","updateTime":"2025-06-10T19:54:37.875286727Z","labels":{"deployment-tool":"cli-firebase","firebase-functions-hash":"33365e856eb6f1c66ed91fe2c1918ab86131aa52"},"stateMessages":[{"severity":"ERROR","type":"CloudRunServiceNotFound","message":"Cloud Run service projects/shambaapp-fdb50/locations/us-central1/services/api for the function was not found. The function will not work correctly. Please redeploy."}],"environment":"GEN_2","url":"https://us-central1-shambaapp-fdb50.cloudfunctions.net/api","createTime":"2025-06-10T19:52:39.434988501Z","satisfiesPzi":true}]}
[info] i  functions: ensuring required API run.googleapis.com is enabled... 
[debug] [2025-06-10T20:01:03.846Z] Checked if tokens are valid: true, expires at: 1749588153436
[debug] [2025-06-10T20:01:03.846Z] Checked if tokens are valid: true, expires at: 1749588153436
[info] i  functions: ensuring required API eventarc.googleapis.com is enabled... 
[debug] [2025-06-10T20:01:03.848Z] Checked if tokens are valid: true, expires at: 1749588153436
[debug] [2025-06-10T20:01:03.849Z] Checked if tokens are valid: true, expires at: 1749588153436
[info] i  functions: ensuring required API pubsub.googleapis.com is enabled... 
[debug] [2025-06-10T20:01:03.850Z] Checked if tokens are valid: true, expires at: 1749588153436
[debug] [2025-06-10T20:01:03.850Z] Checked if tokens are valid: true, expires at: 1749588153436
[info] i  functions: ensuring required API storage.googleapis.com is enabled... 
[debug] [2025-06-10T20:01:03.851Z] Checked if tokens are valid: true, expires at: 1749588153436
[debug] [2025-06-10T20:01:03.852Z] Checked if tokens are valid: true, expires at: 1749588153436
[debug] [2025-06-10T20:01:03.854Z] >>> [apiv2][query] GET https://serviceusage.googleapis.com/v1/projects/shambaapp-fdb50/services/run.googleapis.com [none]
[debug] [2025-06-10T20:01:03.854Z] >>> [apiv2][(partial)header] GET https://serviceusage.googleapis.com/v1/projects/shambaapp-fdb50/services/run.googleapis.com x-goog-quota-user=projects/shambaapp-fdb50
[debug] [2025-06-10T20:01:03.865Z] >>> [apiv2][query] GET https://serviceusage.googleapis.com/v1/projects/shambaapp-fdb50/services/eventarc.googleapis.com [none]
[debug] [2025-06-10T20:01:03.866Z] >>> [apiv2][(partial)header] GET https://serviceusage.googleapis.com/v1/projects/shambaapp-fdb50/services/eventarc.googleapis.com x-goog-quota-user=projects/shambaapp-fdb50
[debug] [2025-06-10T20:01:03.877Z] >>> [apiv2][query] GET https://serviceusage.googleapis.com/v1/projects/shambaapp-fdb50/services/pubsub.googleapis.com [none]
[debug] [2025-06-10T20:01:03.877Z] >>> [apiv2][(partial)header] GET https://serviceusage.googleapis.com/v1/projects/shambaapp-fdb50/services/pubsub.googleapis.com x-goog-quota-user=projects/shambaapp-fdb50
[debug] [2025-06-10T20:01:03.881Z] >>> [apiv2][query] GET https://serviceusage.googleapis.com/v1/projects/shambaapp-fdb50/services/storage.googleapis.com [none]
[debug] [2025-06-10T20:01:03.881Z] >>> [apiv2][(partial)header] GET https://serviceusage.googleapis.com/v1/projects/shambaapp-fdb50/services/storage.googleapis.com x-goog-quota-user=projects/shambaapp-fdb50
[debug] [2025-06-10T20:01:05.755Z] <<< [apiv2][status] GET https://serviceusage.googleapis.com/v1/projects/shambaapp-fdb50/services/eventarc.googleapis.com 200
[debug] [2025-06-10T20:01:05.755Z] <<< [apiv2][body] GET https://serviceusage.googleapis.com/v1/projects/shambaapp-fdb50/services/eventarc.googleapis.com [omitted]
[info] +  functions: required API eventarc.googleapis.com is enabled 
[debug] [2025-06-10T20:01:05.757Z] <<< [apiv2][status] GET https://serviceusage.googleapis.com/v1/projects/shambaapp-fdb50/services/storage.googleapis.com 200
[debug] [2025-06-10T20:01:05.758Z] <<< [apiv2][body] GET https://serviceusage.googleapis.com/v1/projects/shambaapp-fdb50/services/storage.googleapis.com [omitted]
[info] +  functions: required API storage.googleapis.com is enabled 
[debug] [2025-06-10T20:01:05.761Z] <<< [apiv2][status] GET https://serviceusage.googleapis.com/v1/projects/shambaapp-fdb50/services/pubsub.googleapis.com 200
[debug] [2025-06-10T20:01:05.762Z] <<< [apiv2][body] GET https://serviceusage.googleapis.com/v1/projects/shambaapp-fdb50/services/pubsub.googleapis.com [omitted]
[info] +  functions: required API pubsub.googleapis.com is enabled 
[debug] [2025-06-10T20:01:05.764Z] <<< [apiv2][status] GET https://serviceusage.googleapis.com/v1/projects/shambaapp-fdb50/services/run.googleapis.com 200
[debug] [2025-06-10T20:01:05.764Z] <<< [apiv2][body] GET https://serviceusage.googleapis.com/v1/projects/shambaapp-fdb50/services/run.googleapis.com [omitted]
[info] +  functions: required API run.googleapis.com is enabled 
[info] i  functions: generating the service identity for pubsub.googleapis.com... 
[debug] [2025-06-10T20:01:05.766Z] Checked if tokens are valid: true, expires at: 1749588153436
[debug] [2025-06-10T20:01:05.766Z] Checked if tokens are valid: true, expires at: 1749588153436
[info] i  functions: generating the service identity for eventarc.googleapis.com... 
[debug] [2025-06-10T20:01:05.767Z] Checked if tokens are valid: true, expires at: 1749588153436
[debug] [2025-06-10T20:01:05.767Z] Checked if tokens are valid: true, expires at: 1749588153436
[debug] [2025-06-10T20:01:05.767Z] >>> [apiv2][query] POST https://serviceusage.googleapis.com/v1beta1/projects/932156534906/services/pubsub.googleapis.com:generateServiceIdentity [none]
[debug] [2025-06-10T20:01:05.773Z] >>> [apiv2][query] POST https://serviceusage.googleapis.com/v1beta1/projects/932156534906/services/eventarc.googleapis.com:generateServiceIdentity [none]
[debug] [2025-06-10T20:01:07.559Z] <<< [apiv2][status] POST https://serviceusage.googleapis.com/v1beta1/projects/932156534906/services/eventarc.googleapis.com:generateServiceIdentity 200
[debug] [2025-06-10T20:01:07.559Z] <<< [apiv2][body] POST https://serviceusage.googleapis.com/v1beta1/projects/932156534906/services/eventarc.googleapis.com:generateServiceIdentity {"name":"operations/finished.DONE_OPERATION","done":true,"response":{"@type":"type.googleapis.com/google.api.serviceusage.v1beta1.ServiceIdentity","email":"service-932156534906@gcp-sa-eventarc.iam.gserviceaccount.com","uniqueId":"105998153877835221512"}}
[debug] [2025-06-10T20:01:07.560Z] <<< [apiv2][status] POST https://serviceusage.googleapis.com/v1beta1/projects/932156534906/services/pubsub.googleapis.com:generateServiceIdentity 200
[debug] [2025-06-10T20:01:07.560Z] <<< [apiv2][body] POST https://serviceusage.googleapis.com/v1beta1/projects/932156534906/services/pubsub.googleapis.com:generateServiceIdentity {"name":"operations/finished.DONE_OPERATION","done":true,"response":{"@type":"type.googleapis.com/google.api.serviceusage.v1beta1.ServiceIdentity","email":"service-932156534906@gcp-sa-pubsub.iam.gserviceaccount.com","uniqueId":"109290973720777315688"}}
[debug] [2025-06-10T20:01:07.605Z] Checked if tokens are valid: true, expires at: 1749588153436
[debug] [2025-06-10T20:01:07.606Z] Checked if tokens are valid: true, expires at: 1749588153436
[debug] [2025-06-10T20:01:07.606Z] >>> [apiv2][query] GET https://cloudresourcemanager.googleapis.com/v1/projects/shambaapp-fdb50 [none]
[debug] [2025-06-10T20:01:09.204Z] <<< [apiv2][status] GET https://cloudresourcemanager.googleapis.com/v1/projects/shambaapp-fdb50 200
[debug] [2025-06-10T20:01:09.208Z] <<< [apiv2][body] GET https://cloudresourcemanager.googleapis.com/v1/projects/shambaapp-fdb50 {"projectNumber":"932156534906","projectId":"shambaapp-fdb50","lifecycleState":"ACTIVE","name":"ShambaApp","labels":{"firebase":"enabled"},"createTime":"2023-07-18T07:25:41.892636Z"}
[debug] [2025-06-10T20:01:09.215Z] Checked if tokens are valid: true, expires at: 1749588153436
[debug] [2025-06-10T20:01:09.216Z] Checked if tokens are valid: true, expires at: 1749588153436
[debug] [2025-06-10T20:01:09.216Z] >>> [apiv2][query] GET https://cloudbilling.googleapis.com/v1/projects/shambaapp-fdb50/billingInfo [none]
[debug] [2025-06-10T20:01:10.490Z] <<< [apiv2][status] GET https://cloudbilling.googleapis.com/v1/projects/shambaapp-fdb50/billingInfo 200
[debug] [2025-06-10T20:01:10.491Z] <<< [apiv2][body] GET https://cloudbilling.googleapis.com/v1/projects/shambaapp-fdb50/billingInfo {"name":"projects/shambaapp-fdb50/billingInfo","projectId":"shambaapp-fdb50","billingAccountName":"billingAccounts/019351-CADEC3-7887D1","billingEnabled":true}
[debug] [2025-06-10T20:01:10.494Z] Checked if tokens are valid: true, expires at: 1749588153436
[debug] [2025-06-10T20:01:10.494Z] Checked if tokens are valid: true, expires at: 1749588153436
[debug] [2025-06-10T20:01:10.494Z] >>> [apiv2][query] POST https://cloudfunctions.googleapis.com/v2/projects/shambaapp-fdb50/locations/us-central1/functions:generateUploadUrl [none]
[debug] [2025-06-10T20:01:11.716Z] <<< [apiv2][status] POST https://cloudfunctions.googleapis.com/v2/projects/shambaapp-fdb50/locations/us-central1/functions:generateUploadUrl 200
[debug] [2025-06-10T20:01:11.716Z] <<< [apiv2][body] POST https://cloudfunctions.googleapis.com/v2/projects/shambaapp-fdb50/locations/us-central1/functions:generateUploadUrl {"uploadUrl":"https://storage.googleapis.com/gcf-v2-uploads-932156534906.us-central1.cloudfunctions.appspot.com/80be8f74-10f0-4484-97e1-f37db741b926.zip?GoogleAccessId=service-932156534906@gcf-admin-robot.iam.gserviceaccount.com&Expires=1749587494&Signature=otTGgWinMIfeIaekDnBMmUfTNbiTUk4%2BU6pJDsEoMbVMgTV0%2FIBXgI5ZMECs%2FZwiDnrlO0BNjv6xnHWAeC1G83srinnqjiUxwXsEvEAyxlPyQL0YYJ1KPMSEw8%2FPruVu8DUcUiLUpgr7i32uBGjB8Bc8KvP6Hsaijt3jRAi0YlGvDqJ%2FWn0VLTOhp35sjYfuz9atGg2egUOkICOKaQvVsoy0OjLzddGwLZViySbvUWHGGqsUFiNoJ9qZaRd%2FJtKFKz4IP6jYUb%2BhtUqBjKwxvqu%2BNsLb%2BNUVPuGpgVhIj6TWl47ONPV0WgdiUYZTafVhRNLVXFHgT%2B%2B3LkkgOJ3UkA%3D%3D","storageSource":{"bucket":"gcf-v2-uploads-932156534906.us-central1.cloudfunctions.appspot.com","object":"80be8f74-10f0-4484-97e1-f37db741b926.zip"}}
[debug] [2025-06-10T20:01:11.719Z] >>> [apiv2][query] PUT https://storage.googleapis.com/gcf-v2-uploads-932156534906.us-central1.cloudfunctions.appspot.com/80be8f74-10f0-4484-97e1-f37db741b926.zip GoogleAccessId=service-932156534906%40gcf-admin-robot.iam.gserviceaccount.com&Expires=1749587494&Signature=otTGgWinMIfeIaekDnBMmUfTNbiTUk4%2BU6pJDsEoMbVMgTV0%2FIBXgI5ZMECs%2FZwiDnrlO0BNjv6xnHWAeC1G83srinnqjiUxwXsEvEAyxlPyQL0YYJ1KPMSEw8%2FPruVu8DUcUiLUpgr7i32uBGjB8Bc8KvP6Hsaijt3jRAi0YlGvDqJ%2FWn0VLTOhp35sjYfuz9atGg2egUOkICOKaQvVsoy0OjLzddGwLZViySbvUWHGGqsUFiNoJ9qZaRd%2FJtKFKz4IP6jYUb%2BhtUqBjKwxvqu%2BNsLb%2BNUVPuGpgVhIj6TWl47ONPV0WgdiUYZTafVhRNLVXFHgT%2B%2B3LkkgOJ3UkA%3D%3D
[debug] [2025-06-10T20:01:11.720Z] >>> [apiv2][body] PUT https://storage.googleapis.com/gcf-v2-uploads-932156534906.us-central1.cloudfunctions.appspot.com/80be8f74-10f0-4484-97e1-f37db741b926.zip [stream]
[debug] [2025-06-10T20:01:12.872Z] <<< [apiv2][status] PUT https://storage.googleapis.com/gcf-v2-uploads-932156534906.us-central1.cloudfunctions.appspot.com/80be8f74-10f0-4484-97e1-f37db741b926.zip 200
[debug] [2025-06-10T20:01:12.873Z] <<< [apiv2][body] PUT https://storage.googleapis.com/gcf-v2-uploads-932156534906.us-central1.cloudfunctions.appspot.com/80be8f74-10f0-4484-97e1-f37db741b926.zip [omitted]
[info] +  functions: functions folder uploaded successfully 
[info] i  functions: updating Node.js 18 (2nd Gen) function api(us-central1)... 
[debug] [2025-06-10T20:01:12.891Z] Checked if tokens are valid: true, expires at: 1749588153436
[debug] [2025-06-10T20:01:12.891Z] Checked if tokens are valid: true, expires at: 1749588153436
[debug] [2025-06-10T20:01:12.892Z] >>> [apiv2][query] PATCH https://cloudfunctions.googleapis.com/v2/projects/shambaapp-fdb50/locations/us-central1/functions/api updateMask=name%2CbuildConfig.runtime%2CbuildConfig.entryPoint%2CbuildConfig.source.storageSource.bucket%2CbuildConfig.source.storageSource.object%2CbuildConfig.environmentVariables%2CbuildConfig.sourceToken%2CserviceConfig.environmentVariables%2CserviceConfig.ingressSettings%2CserviceConfig.timeoutSeconds%2CserviceConfig.serviceAccountEmail%2CserviceConfig.availableMemory%2CserviceConfig.minInstanceCount%2CserviceConfig.maxInstanceCount%2CserviceConfig.maxInstanceRequestConcurrency%2CserviceConfig.availableCpu%2CserviceConfig.vpcConnector%2CserviceConfig.vpcConnectorEgressSettings%2Clabels%2CbuildConfig.buildEnvironmentVariables
[debug] [2025-06-10T20:01:12.892Z] >>> [apiv2][body] PATCH https://cloudfunctions.googleapis.com/v2/projects/shambaapp-fdb50/locations/us-central1/functions/api {"name":"projects/shambaapp-fdb50/locations/us-central1/functions/api","buildConfig":{"runtime":"nodejs18","entryPoint":"api","source":{"storageSource":{"bucket":"gcf-v2-uploads-932156534906.us-central1.cloudfunctions.appspot.com","object":"80be8f74-10f0-4484-97e1-f37db741b926.zip"}},"environmentVariables":{"GOOGLE_NODE_RUN_SCRIPTS":""}},"serviceConfig":{"environmentVariables":{"FIREBASE_CONFIG":"{\"projectId\":\"shambaapp-fdb50\",\"databaseURL\":\"https://shambaapp-fdb50-default-rtdb.firebaseio.com\",\"storageBucket\":\"shambaapp-fdb50.firebasestorage.app\"}","GCLOUD_PROJECT":"shambaapp-fdb50","EVENTARC_CLOUD_EVENT_SOURCE":"projects/shambaapp-fdb50/locations/us-central1/services/api","FUNCTION_TARGET":"api","LOG_EXECUTION_ID":"true"},"ingressSettings":null,"timeoutSeconds":null,"serviceAccountEmail":null,"availableMemory":"256Mi","minInstanceCount":null,"maxInstanceCount":null,"maxInstanceRequestConcurrency":80,"availableCpu":"1","vpcConnector":null,"vpcConnectorEgressSettings":null},"labels":{"deployment-tool":"cli-firebase","firebase-functions-hash":"268775735f0d3095d3aebcc8574b58bfbc44383e"}}
[debug] [2025-06-10T20:01:14.731Z] <<< [apiv2][status] PATCH https://cloudfunctions.googleapis.com/v2/projects/shambaapp-fdb50/locations/us-central1/functions/api 200
[debug] [2025-06-10T20:01:14.731Z] <<< [apiv2][body] PATCH https://cloudfunctions.googleapis.com/v2/projects/shambaapp-fdb50/locations/us-central1/functions/api {"name":"projects/shambaapp-fdb50/locations/us-central1/operations/operation-1749585696974-6373d29f8e661-83a510ae-57d9ed35","metadata":{"@type":"type.googleapis.com/google.cloud.functions.v2.OperationMetadata","createTime":"2025-06-10T20:01:37.671462061Z","target":"projects/shambaapp-fdb50/locations/us-central1/functions/api","verb":"update","cancelRequested":false,"apiVersion":"v2"},"done":false}
[debug] [2025-06-10T20:01:14.733Z] Checked if tokens are valid: true, expires at: 1749588153436
[debug] [2025-06-10T20:01:14.733Z] Checked if tokens are valid: true, expires at: 1749588153436
[debug] [2025-06-10T20:01:14.733Z] >>> [apiv2][query] GET https://cloudfunctions.googleapis.com/v2/projects/shambaapp-fdb50/locations/us-central1/operations/operation-1749585696974-6373d29f8e661-83a510ae-57d9ed35 [none]
[debug] [2025-06-10T20:01:15.850Z] <<< [apiv2][status] GET https://cloudfunctions.googleapis.com/v2/projects/shambaapp-fdb50/locations/us-central1/operations/operation-1749585696974-6373d29f8e661-83a510ae-57d9ed35 200
[debug] [2025-06-10T20:01:15.850Z] <<< [apiv2][body] GET https://cloudfunctions.googleapis.com/v2/projects/shambaapp-fdb50/locations/us-central1/operations/operation-1749585696974-6373d29f8e661-83a510ae-57d9ed35 {"name":"projects/shambaapp-fdb50/locations/us-central1/operations/operation-1749585696974-6373d29f8e661-83a510ae-57d9ed35","metadata":{"@type":"type.googleapis.com/google.cloud.functions.v2.OperationMetadata","createTime":"2025-06-10T20:01:37.671462061Z","target":"projects/shambaapp-fdb50/locations/us-central1/functions/api","verb":"update","cancelRequested":false,"apiVersion":"v2","requestResource":{"@type":"type.googleapis.com/google.cloud.functions.v2.Function","name":"projects/shambaapp-fdb50/locations/us-central1/functions/api","buildConfig":{"runtime":"nodejs18","entryPoint":"api","source":{"storageSource":{"bucket":"gcf-v2-sources-932156534906-us-central1","object":"api/function-source.zip","generation":"1749585697612887"}},"environmentVariables":{"GOOGLE_NODE_RUN_SCRIPTS":""},"dockerRepository":"projects/shambaapp-fdb50/locations/us-central1/repositories/gcf-artifacts","sourceProvenance":{"resolvedStorageSource":{"bucket":"gcf-v2-sources-932156534906-us-central1","object":"api/function-source.zip","generation":"1749585159096285"}},"dockerRegistry":"ARTIFACT_REGISTRY","serviceAccount":"projects/shambaapp-fdb50/serviceAccounts/932156534906-compute@developer.gserviceaccount.com","automaticUpdatePolicy":{}},"serviceConfig":{"service":"projects/shambaapp-fdb50/locations/us-central1/services/api","timeoutSeconds":60,"environmentVariables":{"FIREBASE_CONFIG":"{\"projectId\":\"shambaapp-fdb50\",\"databaseURL\":\"https://shambaapp-fdb50-default-rtdb.firebaseio.com\",\"storageBucket\":\"shambaapp-fdb50.firebasestorage.app\"}","GCLOUD_PROJECT":"shambaapp-fdb50","EVENTARC_CLOUD_EVENT_SOURCE":"projects/shambaapp-fdb50/locations/us-central1/services/api","FUNCTION_TARGET":"api","LOG_EXECUTION_ID":"true"},"ingressSettings":"ALLOW_ALL","serviceAccountEmail":"932156534906-compute@developer.gserviceaccount.com","availableMemory":"256Mi","maxInstanceRequestConcurrency":80,"availableCpu":"1"},"state":"FAILED","labels":{"firebase-functions-hash":"268775735f0d3095d3aebcc8574b58bfbc44383e"},"stateMessages":[{"severity":"ERROR","type":"CloudRunServiceNotFound","message":"Cloud Run service projects/shambaapp-fdb50/locations/us-central1/services/api for the function was not found. The function will not work correctly. Please redeploy."}],"environment":"GEN_2","url":"https://us-central1-shambaapp-fdb50.cloudfunctions.net/api","satisfiesPzi":true},"stages":[{"name":"BUILD","message":"Build in progress","state":"IN_PROGRESS","resource":"projects/932156534906/locations/us-central1/builds/f4f10dd5-3bdf-4bc5-a539-8514ef8a0810","resourceUri":"https://console.cloud.google.com/cloud-build/builds;region=us-central1/f4f10dd5-3bdf-4bc5-a539-8514ef8a0810?project=932156534906"},{"name":"SERVICE","state":"NOT_STARTED"}],"operationType":"UPDATE_FUNCTION","buildName":"projects/932156534906/locations/us-central1/builds/f4f10dd5-3bdf-4bc5-a539-8514ef8a0810"},"done":false}
[debug] [2025-06-10T20:01:16.366Z] [update-default-us-central1-api] Retrying task index 0
[debug] [2025-06-10T20:01:16.367Z] Checked if tokens are valid: true, expires at: 1749588153436
[debug] [2025-06-10T20:01:16.367Z] Checked if tokens are valid: true, expires at: 1749588153436
[debug] [2025-06-10T20:01:16.367Z] >>> [apiv2][query] GET https://cloudfunctions.googleapis.com/v2/projects/shambaapp-fdb50/locations/us-central1/operations/operation-1749585696974-6373d29f8e661-83a510ae-57d9ed35 [none]
[debug] [2025-06-10T20:01:17.463Z] <<< [apiv2][status] GET https://cloudfunctions.googleapis.com/v2/projects/shambaapp-fdb50/locations/us-central1/operations/operation-1749585696974-6373d29f8e661-83a510ae-57d9ed35 200
[debug] [2025-06-10T20:01:17.463Z] <<< [apiv2][body] GET https://cloudfunctions.googleapis.com/v2/projects/shambaapp-fdb50/locations/us-central1/operations/operation-1749585696974-6373d29f8e661-83a510ae-57d9ed35 {"name":"projects/shambaapp-fdb50/locations/us-central1/operations/operation-1749585696974-6373d29f8e661-83a510ae-57d9ed35","metadata":{"@type":"type.googleapis.com/google.cloud.functions.v2.OperationMetadata","createTime":"2025-06-10T20:01:37.671462061Z","target":"projects/shambaapp-fdb50/locations/us-central1/functions/api","verb":"update","cancelRequested":false,"apiVersion":"v2","requestResource":{"@type":"type.googleapis.com/google.cloud.functions.v2.Function","name":"projects/shambaapp-fdb50/locations/us-central1/functions/api","buildConfig":{"runtime":"nodejs18","entryPoint":"api","source":{"storageSource":{"bucket":"gcf-v2-sources-932156534906-us-central1","object":"api/function-source.zip","generation":"1749585697612887"}},"environmentVariables":{"GOOGLE_NODE_RUN_SCRIPTS":""},"dockerRepository":"projects/shambaapp-fdb50/locations/us-central1/repositories/gcf-artifacts","sourceProvenance":{"resolvedStorageSource":{"bucket":"gcf-v2-sources-932156534906-us-central1","object":"api/function-source.zip","generation":"1749585159096285"}},"dockerRegistry":"ARTIFACT_REGISTRY","serviceAccount":"projects/shambaapp-fdb50/serviceAccounts/932156534906-compute@developer.gserviceaccount.com","automaticUpdatePolicy":{}},"serviceConfig":{"service":"projects/shambaapp-fdb50/locations/us-central1/services/api","timeoutSeconds":60,"environmentVariables":{"FIREBASE_CONFIG":"{\"projectId\":\"shambaapp-fdb50\",\"databaseURL\":\"https://shambaapp-fdb50-default-rtdb.firebaseio.com\",\"storageBucket\":\"shambaapp-fdb50.firebasestorage.app\"}","GCLOUD_PROJECT":"shambaapp-fdb50","EVENTARC_CLOUD_EVENT_SOURCE":"projects/shambaapp-fdb50/locations/us-central1/services/api","FUNCTION_TARGET":"api","LOG_EXECUTION_ID":"true"},"ingressSettings":"ALLOW_ALL","serviceAccountEmail":"932156534906-compute@developer.gserviceaccount.com","availableMemory":"256Mi","maxInstanceRequestConcurrency":80,"availableCpu":"1"},"state":"FAILED","labels":{"firebase-functions-hash":"268775735f0d3095d3aebcc8574b58bfbc44383e"},"stateMessages":[{"severity":"ERROR","type":"CloudRunServiceNotFound","message":"Cloud Run service projects/shambaapp-fdb50/locations/us-central1/services/api for the function was not found. The function will not work correctly. Please redeploy."}],"environment":"GEN_2","url":"https://us-central1-shambaapp-fdb50.cloudfunctions.net/api","satisfiesPzi":true},"stages":[{"name":"BUILD","message":"Build in progress","state":"IN_PROGRESS","resource":"projects/932156534906/locations/us-central1/builds/f4f10dd5-3bdf-4bc5-a539-8514ef8a0810","resourceUri":"https://console.cloud.google.com/cloud-build/builds;region=us-central1/f4f10dd5-3bdf-4bc5-a539-8514ef8a0810?project=932156534906"},{"name":"SERVICE","state":"NOT_STARTED"}],"operationType":"UPDATE_FUNCTION","buildName":"projects/932156534906/locations/us-central1/builds/f4f10dd5-3bdf-4bc5-a539-8514ef8a0810"},"done":false}
[debug] [2025-06-10T20:01:18.470Z] [update-default-us-central1-api] Retrying task index 0
[debug] [2025-06-10T20:01:18.471Z] Checked if tokens are valid: true, expires at: 1749588153436
[debug] [2025-06-10T20:01:18.471Z] Checked if tokens are valid: true, expires at: 1749588153436
[debug] [2025-06-10T20:01:18.471Z] >>> [apiv2][query] GET https://cloudfunctions.googleapis.com/v2/projects/shambaapp-fdb50/locations/us-central1/operations/operation-1749585696974-6373d29f8e661-83a510ae-57d9ed35 [none]
[debug] [2025-06-10T20:01:19.573Z] <<< [apiv2][status] GET https://cloudfunctions.googleapis.com/v2/projects/shambaapp-fdb50/locations/us-central1/operations/operation-1749585696974-6373d29f8e661-83a510ae-57d9ed35 200
[debug] [2025-06-10T20:01:19.573Z] <<< [apiv2][body] GET https://cloudfunctions.googleapis.com/v2/projects/shambaapp-fdb50/locations/us-central1/operations/operation-1749585696974-6373d29f8e661-83a510ae-57d9ed35 {"name":"projects/shambaapp-fdb50/locations/us-central1/operations/operation-1749585696974-6373d29f8e661-83a510ae-57d9ed35","metadata":{"@type":"type.googleapis.com/google.cloud.functions.v2.OperationMetadata","createTime":"2025-06-10T20:01:37.671462061Z","target":"projects/shambaapp-fdb50/locations/us-central1/functions/api","verb":"update","cancelRequested":false,"apiVersion":"v2","requestResource":{"@type":"type.googleapis.com/google.cloud.functions.v2.Function","name":"projects/shambaapp-fdb50/locations/us-central1/functions/api","buildConfig":{"runtime":"nodejs18","entryPoint":"api","source":{"storageSource":{"bucket":"gcf-v2-sources-932156534906-us-central1","object":"api/function-source.zip","generation":"1749585697612887"}},"environmentVariables":{"GOOGLE_NODE_RUN_SCRIPTS":""},"dockerRepository":"projects/shambaapp-fdb50/locations/us-central1/repositories/gcf-artifacts","sourceProvenance":{"resolvedStorageSource":{"bucket":"gcf-v2-sources-932156534906-us-central1","object":"api/function-source.zip","generation":"1749585159096285"}},"dockerRegistry":"ARTIFACT_REGISTRY","serviceAccount":"projects/shambaapp-fdb50/serviceAccounts/932156534906-compute@developer.gserviceaccount.com","automaticUpdatePolicy":{}},"serviceConfig":{"service":"projects/shambaapp-fdb50/locations/us-central1/services/api","timeoutSeconds":60,"environmentVariables":{"FIREBASE_CONFIG":"{\"projectId\":\"shambaapp-fdb50\",\"databaseURL\":\"https://shambaapp-fdb50-default-rtdb.firebaseio.com\",\"storageBucket\":\"shambaapp-fdb50.firebasestorage.app\"}","GCLOUD_PROJECT":"shambaapp-fdb50","EVENTARC_CLOUD_EVENT_SOURCE":"projects/shambaapp-fdb50/locations/us-central1/services/api","FUNCTION_TARGET":"api","LOG_EXECUTION_ID":"true"},"ingressSettings":"ALLOW_ALL","serviceAccountEmail":"932156534906-compute@developer.gserviceaccount.com","availableMemory":"256Mi","maxInstanceRequestConcurrency":80,"availableCpu":"1"},"state":"FAILED","labels":{"firebase-functions-hash":"268775735f0d3095d3aebcc8574b58bfbc44383e"},"stateMessages":[{"severity":"ERROR","type":"CloudRunServiceNotFound","message":"Cloud Run service projects/shambaapp-fdb50/locations/us-central1/services/api for the function was not found. The function will not work correctly. Please redeploy."}],"environment":"GEN_2","url":"https://us-central1-shambaapp-fdb50.cloudfunctions.net/api","satisfiesPzi":true},"stages":[{"name":"BUILD","message":"Build in progress","state":"IN_PROGRESS","resource":"projects/932156534906/locations/us-central1/builds/f4f10dd5-3bdf-4bc5-a539-8514ef8a0810","resourceUri":"https://console.cloud.google.com/cloud-build/builds;region=us-central1/f4f10dd5-3bdf-4bc5-a539-8514ef8a0810?project=932156534906"},{"name":"SERVICE","state":"NOT_STARTED"}],"operationType":"UPDATE_FUNCTION","buildName":"projects/932156534906/locations/us-central1/builds/f4f10dd5-3bdf-4bc5-a539-8514ef8a0810"},"done":false}
[debug] [2025-06-10T20:01:21.576Z] [update-default-us-central1-api] Retrying task index 0
[debug] [2025-06-10T20:01:21.577Z] Checked if tokens are valid: true, expires at: 1749588153436
[debug] [2025-06-10T20:01:21.577Z] Checked if tokens are valid: true, expires at: 1749588153436
[debug] [2025-06-10T20:01:21.577Z] >>> [apiv2][query] GET https://cloudfunctions.googleapis.com/v2/projects/shambaapp-fdb50/locations/us-central1/operations/operation-1749585696974-6373d29f8e661-83a510ae-57d9ed35 [none]
[debug] [2025-06-10T20:01:22.636Z] <<< [apiv2][status] GET https://cloudfunctions.googleapis.com/v2/projects/shambaapp-fdb50/locations/us-central1/operations/operation-1749585696974-6373d29f8e661-83a510ae-57d9ed35 200
[debug] [2025-06-10T20:01:22.637Z] <<< [apiv2][body] GET https://cloudfunctions.googleapis.com/v2/projects/shambaapp-fdb50/locations/us-central1/operations/operation-1749585696974-6373d29f8e661-83a510ae-57d9ed35 {"name":"projects/shambaapp-fdb50/locations/us-central1/operations/operation-1749585696974-6373d29f8e661-83a510ae-57d9ed35","metadata":{"@type":"type.googleapis.com/google.cloud.functions.v2.OperationMetadata","createTime":"2025-06-10T20:01:37.671462061Z","target":"projects/shambaapp-fdb50/locations/us-central1/functions/api","verb":"update","cancelRequested":false,"apiVersion":"v2","requestResource":{"@type":"type.googleapis.com/google.cloud.functions.v2.Function","name":"projects/shambaapp-fdb50/locations/us-central1/functions/api","buildConfig":{"runtime":"nodejs18","entryPoint":"api","source":{"storageSource":{"bucket":"gcf-v2-sources-932156534906-us-central1","object":"api/function-source.zip","generation":"1749585697612887"}},"environmentVariables":{"GOOGLE_NODE_RUN_SCRIPTS":""},"dockerRepository":"projects/shambaapp-fdb50/locations/us-central1/repositories/gcf-artifacts","sourceProvenance":{"resolvedStorageSource":{"bucket":"gcf-v2-sources-932156534906-us-central1","object":"api/function-source.zip","generation":"1749585159096285"}},"dockerRegistry":"ARTIFACT_REGISTRY","serviceAccount":"projects/shambaapp-fdb50/serviceAccounts/932156534906-compute@developer.gserviceaccount.com","automaticUpdatePolicy":{}},"serviceConfig":{"service":"projects/shambaapp-fdb50/locations/us-central1/services/api","timeoutSeconds":60,"environmentVariables":{"FIREBASE_CONFIG":"{\"projectId\":\"shambaapp-fdb50\",\"databaseURL\":\"https://shambaapp-fdb50-default-rtdb.firebaseio.com\",\"storageBucket\":\"shambaapp-fdb50.firebasestorage.app\"}","GCLOUD_PROJECT":"shambaapp-fdb50","EVENTARC_CLOUD_EVENT_SOURCE":"projects/shambaapp-fdb50/locations/us-central1/services/api","FUNCTION_TARGET":"api","LOG_EXECUTION_ID":"true"},"ingressSettings":"ALLOW_ALL","serviceAccountEmail":"932156534906-compute@developer.gserviceaccount.com","availableMemory":"256Mi","maxInstanceRequestConcurrency":80,"availableCpu":"1"},"state":"FAILED","labels":{"firebase-functions-hash":"268775735f0d3095d3aebcc8574b58bfbc44383e"},"stateMessages":[{"severity":"ERROR","type":"CloudRunServiceNotFound","message":"Cloud Run service projects/shambaapp-fdb50/locations/us-central1/services/api for the function was not found. The function will not work correctly. Please redeploy."}],"environment":"GEN_2","url":"https://us-central1-shambaapp-fdb50.cloudfunctions.net/api","satisfiesPzi":true},"stages":[{"name":"BUILD","message":"Build in progress","state":"IN_PROGRESS","resource":"projects/932156534906/locations/us-central1/builds/f4f10dd5-3bdf-4bc5-a539-8514ef8a0810","resourceUri":"https://console.cloud.google.com/cloud-build/builds;region=us-central1/f4f10dd5-3bdf-4bc5-a539-8514ef8a0810?project=932156534906"},{"name":"SERVICE","state":"NOT_STARTED"}],"operationType":"UPDATE_FUNCTION","buildName":"projects/932156534906/locations/us-central1/builds/f4f10dd5-3bdf-4bc5-a539-8514ef8a0810"},"done":false}
[debug] [2025-06-10T20:01:26.650Z] [update-default-us-central1-api] Retrying task index 0
[debug] [2025-06-10T20:01:26.652Z] Checked if tokens are valid: true, expires at: 1749588153436
[debug] [2025-06-10T20:01:26.653Z] Checked if tokens are valid: true, expires at: 1749588153436
[debug] [2025-06-10T20:01:26.653Z] >>> [apiv2][query] GET https://cloudfunctions.googleapis.com/v2/projects/shambaapp-fdb50/locations/us-central1/operations/operation-1749585696974-6373d29f8e661-83a510ae-57d9ed35 [none]
[debug] [2025-06-10T20:01:28.106Z] <<< [apiv2][status] GET https://cloudfunctions.googleapis.com/v2/projects/shambaapp-fdb50/locations/us-central1/operations/operation-1749585696974-6373d29f8e661-83a510ae-57d9ed35 200
[debug] [2025-06-10T20:01:28.106Z] <<< [apiv2][body] GET https://cloudfunctions.googleapis.com/v2/projects/shambaapp-fdb50/locations/us-central1/operations/operation-1749585696974-6373d29f8e661-83a510ae-57d9ed35 {"name":"projects/shambaapp-fdb50/locations/us-central1/operations/operation-1749585696974-6373d29f8e661-83a510ae-57d9ed35","metadata":{"@type":"type.googleapis.com/google.cloud.functions.v2.OperationMetadata","createTime":"2025-06-10T20:01:37.671462061Z","target":"projects/shambaapp-fdb50/locations/us-central1/functions/api","verb":"update","cancelRequested":false,"apiVersion":"v2","requestResource":{"@type":"type.googleapis.com/google.cloud.functions.v2.Function","name":"projects/shambaapp-fdb50/locations/us-central1/functions/api","buildConfig":{"runtime":"nodejs18","entryPoint":"api","source":{"storageSource":{"bucket":"gcf-v2-sources-932156534906-us-central1","object":"api/function-source.zip","generation":"1749585697612887"}},"environmentVariables":{"GOOGLE_NODE_RUN_SCRIPTS":""},"dockerRepository":"projects/shambaapp-fdb50/locations/us-central1/repositories/gcf-artifacts","sourceProvenance":{"resolvedStorageSource":{"bucket":"gcf-v2-sources-932156534906-us-central1","object":"api/function-source.zip","generation":"1749585159096285"}},"dockerRegistry":"ARTIFACT_REGISTRY","serviceAccount":"projects/shambaapp-fdb50/serviceAccounts/932156534906-compute@developer.gserviceaccount.com","automaticUpdatePolicy":{}},"serviceConfig":{"service":"projects/shambaapp-fdb50/locations/us-central1/services/api","timeoutSeconds":60,"environmentVariables":{"FIREBASE_CONFIG":"{\"projectId\":\"shambaapp-fdb50\",\"databaseURL\":\"https://shambaapp-fdb50-default-rtdb.firebaseio.com\",\"storageBucket\":\"shambaapp-fdb50.firebasestorage.app\"}","GCLOUD_PROJECT":"shambaapp-fdb50","EVENTARC_CLOUD_EVENT_SOURCE":"projects/shambaapp-fdb50/locations/us-central1/services/api","FUNCTION_TARGET":"api","LOG_EXECUTION_ID":"true"},"ingressSettings":"ALLOW_ALL","serviceAccountEmail":"932156534906-compute@developer.gserviceaccount.com","availableMemory":"256Mi","maxInstanceRequestConcurrency":80,"availableCpu":"1"},"state":"FAILED","labels":{"firebase-functions-hash":"268775735f0d3095d3aebcc8574b58bfbc44383e"},"stateMessages":[{"severity":"ERROR","type":"CloudRunServiceNotFound","message":"Cloud Run service projects/shambaapp-fdb50/locations/us-central1/services/api for the function was not found. The function will not work correctly. Please redeploy."}],"environment":"GEN_2","url":"https://us-central1-shambaapp-fdb50.cloudfunctions.net/api","satisfiesPzi":true},"stages":[{"name":"BUILD","message":"Build in progress","state":"IN_PROGRESS","resource":"projects/932156534906/locations/us-central1/builds/f4f10dd5-3bdf-4bc5-a539-8514ef8a0810","resourceUri":"https://console.cloud.google.com/cloud-build/builds;region=us-central1/f4f10dd5-3bdf-4bc5-a539-8514ef8a0810?project=932156534906"},{"name":"SERVICE","state":"NOT_STARTED"}],"operationType":"UPDATE_FUNCTION","buildName":"projects/932156534906/locations/us-central1/builds/f4f10dd5-3bdf-4bc5-a539-8514ef8a0810"},"done":false}
[debug] [2025-06-10T20:01:36.121Z] [update-default-us-central1-api] Retrying task index 0
[debug] [2025-06-10T20:01:36.122Z] Checked if tokens are valid: true, expires at: 1749588153436
[debug] [2025-06-10T20:01:36.122Z] Checked if tokens are valid: true, expires at: 1749588153436
[debug] [2025-06-10T20:01:36.123Z] >>> [apiv2][query] GET https://cloudfunctions.googleapis.com/v2/projects/shambaapp-fdb50/locations/us-central1/operations/operation-1749585696974-6373d29f8e661-83a510ae-57d9ed35 [none]
[debug] [2025-06-10T20:01:38.457Z] <<< [apiv2][status] GET https://cloudfunctions.googleapis.com/v2/projects/shambaapp-fdb50/locations/us-central1/operations/operation-1749585696974-6373d29f8e661-83a510ae-57d9ed35 200
[debug] [2025-06-10T20:01:38.457Z] <<< [apiv2][body] GET https://cloudfunctions.googleapis.com/v2/projects/shambaapp-fdb50/locations/us-central1/operations/operation-1749585696974-6373d29f8e661-83a510ae-57d9ed35 {"name":"projects/shambaapp-fdb50/locations/us-central1/operations/operation-1749585696974-6373d29f8e661-83a510ae-57d9ed35","metadata":{"@type":"type.googleapis.com/google.cloud.functions.v2.OperationMetadata","createTime":"2025-06-10T20:01:37.671462061Z","target":"projects/shambaapp-fdb50/locations/us-central1/functions/api","verb":"update","cancelRequested":false,"apiVersion":"v2","requestResource":{"@type":"type.googleapis.com/google.cloud.functions.v2.Function","name":"projects/shambaapp-fdb50/locations/us-central1/functions/api","buildConfig":{"runtime":"nodejs18","entryPoint":"api","source":{"storageSource":{"bucket":"gcf-v2-sources-932156534906-us-central1","object":"api/function-source.zip","generation":"1749585697612887"}},"environmentVariables":{"GOOGLE_NODE_RUN_SCRIPTS":""},"dockerRepository":"projects/shambaapp-fdb50/locations/us-central1/repositories/gcf-artifacts","sourceProvenance":{"resolvedStorageSource":{"bucket":"gcf-v2-sources-932156534906-us-central1","object":"api/function-source.zip","generation":"1749585159096285"}},"dockerRegistry":"ARTIFACT_REGISTRY","serviceAccount":"projects/shambaapp-fdb50/serviceAccounts/932156534906-compute@developer.gserviceaccount.com","automaticUpdatePolicy":{}},"serviceConfig":{"service":"projects/shambaapp-fdb50/locations/us-central1/services/api","timeoutSeconds":60,"environmentVariables":{"FIREBASE_CONFIG":"{\"projectId\":\"shambaapp-fdb50\",\"databaseURL\":\"https://shambaapp-fdb50-default-rtdb.firebaseio.com\",\"storageBucket\":\"shambaapp-fdb50.firebasestorage.app\"}","GCLOUD_PROJECT":"shambaapp-fdb50","EVENTARC_CLOUD_EVENT_SOURCE":"projects/shambaapp-fdb50/locations/us-central1/services/api","FUNCTION_TARGET":"api","LOG_EXECUTION_ID":"true"},"ingressSettings":"ALLOW_ALL","serviceAccountEmail":"932156534906-compute@developer.gserviceaccount.com","availableMemory":"256Mi","maxInstanceRequestConcurrency":80,"availableCpu":"1"},"state":"FAILED","labels":{"firebase-functions-hash":"268775735f0d3095d3aebcc8574b58bfbc44383e"},"stateMessages":[{"severity":"ERROR","type":"CloudRunServiceNotFound","message":"Cloud Run service projects/shambaapp-fdb50/locations/us-central1/services/api for the function was not found. The function will not work correctly. Please redeploy."}],"environment":"GEN_2","url":"https://us-central1-shambaapp-fdb50.cloudfunctions.net/api","satisfiesPzi":true},"stages":[{"name":"BUILD","message":"Build in progress","state":"IN_PROGRESS","resource":"projects/932156534906/locations/us-central1/builds/f4f10dd5-3bdf-4bc5-a539-8514ef8a0810","resourceUri":"https://console.cloud.google.com/cloud-build/builds;region=us-central1/f4f10dd5-3bdf-4bc5-a539-8514ef8a0810?project=932156534906"},{"name":"SERVICE","state":"NOT_STARTED"}],"operationType":"UPDATE_FUNCTION","buildName":"projects/932156534906/locations/us-central1/builds/f4f10dd5-3bdf-4bc5-a539-8514ef8a0810"},"done":false}
[debug] [2025-06-10T20:01:48.465Z] [update-default-us-central1-api] Retrying task index 0
[debug] [2025-06-10T20:01:48.466Z] Checked if tokens are valid: true, expires at: 1749588153436
[debug] [2025-06-10T20:01:48.466Z] Checked if tokens are valid: true, expires at: 1749588153436
[debug] [2025-06-10T20:01:48.466Z] >>> [apiv2][query] GET https://cloudfunctions.googleapis.com/v2/projects/shambaapp-fdb50/locations/us-central1/operations/operation-1749585696974-6373d29f8e661-83a510ae-57d9ed35 [none]
[debug] [2025-06-10T20:01:49.687Z] <<< [apiv2][status] GET https://cloudfunctions.googleapis.com/v2/projects/shambaapp-fdb50/locations/us-central1/operations/operation-1749585696974-6373d29f8e661-83a510ae-57d9ed35 200
[debug] [2025-06-10T20:01:49.687Z] <<< [apiv2][body] GET https://cloudfunctions.googleapis.com/v2/projects/shambaapp-fdb50/locations/us-central1/operations/operation-1749585696974-6373d29f8e661-83a510ae-57d9ed35 {"name":"projects/shambaapp-fdb50/locations/us-central1/operations/operation-1749585696974-6373d29f8e661-83a510ae-57d9ed35","metadata":{"@type":"type.googleapis.com/google.cloud.functions.v2.OperationMetadata","createTime":"2025-06-10T20:01:37.671462061Z","target":"projects/shambaapp-fdb50/locations/us-central1/functions/api","verb":"update","cancelRequested":false,"apiVersion":"v2","requestResource":{"@type":"type.googleapis.com/google.cloud.functions.v2.Function","name":"projects/shambaapp-fdb50/locations/us-central1/functions/api","buildConfig":{"runtime":"nodejs18","entryPoint":"api","source":{"storageSource":{"bucket":"gcf-v2-sources-932156534906-us-central1","object":"api/function-source.zip","generation":"1749585697612887"}},"environmentVariables":{"GOOGLE_NODE_RUN_SCRIPTS":""},"dockerRepository":"projects/shambaapp-fdb50/locations/us-central1/repositories/gcf-artifacts","sourceProvenance":{"resolvedStorageSource":{"bucket":"gcf-v2-sources-932156534906-us-central1","object":"api/function-source.zip","generation":"1749585159096285"}},"dockerRegistry":"ARTIFACT_REGISTRY","serviceAccount":"projects/shambaapp-fdb50/serviceAccounts/932156534906-compute@developer.gserviceaccount.com","automaticUpdatePolicy":{}},"serviceConfig":{"service":"projects/shambaapp-fdb50/locations/us-central1/services/api","timeoutSeconds":60,"environmentVariables":{"FIREBASE_CONFIG":"{\"projectId\":\"shambaapp-fdb50\",\"databaseURL\":\"https://shambaapp-fdb50-default-rtdb.firebaseio.com\",\"storageBucket\":\"shambaapp-fdb50.firebasestorage.app\"}","GCLOUD_PROJECT":"shambaapp-fdb50","EVENTARC_CLOUD_EVENT_SOURCE":"projects/shambaapp-fdb50/locations/us-central1/services/api","FUNCTION_TARGET":"api","LOG_EXECUTION_ID":"true"},"ingressSettings":"ALLOW_ALL","serviceAccountEmail":"932156534906-compute@developer.gserviceaccount.com","availableMemory":"256Mi","maxInstanceRequestConcurrency":80,"availableCpu":"1"},"state":"FAILED","labels":{"firebase-functions-hash":"268775735f0d3095d3aebcc8574b58bfbc44383e"},"stateMessages":[{"severity":"ERROR","type":"CloudRunServiceNotFound","message":"Cloud Run service projects/shambaapp-fdb50/locations/us-central1/services/api for the function was not found. The function will not work correctly. Please redeploy."}],"environment":"GEN_2","url":"https://us-central1-shambaapp-fdb50.cloudfunctions.net/api","satisfiesPzi":true},"stages":[{"name":"BUILD","message":"Build in progress","state":"IN_PROGRESS","resource":"projects/932156534906/locations/us-central1/builds/f4f10dd5-3bdf-4bc5-a539-8514ef8a0810","resourceUri":"https://console.cloud.google.com/cloud-build/builds;region=us-central1/f4f10dd5-3bdf-4bc5-a539-8514ef8a0810?project=932156534906"},{"name":"SERVICE","state":"NOT_STARTED"}],"operationType":"UPDATE_FUNCTION","buildName":"projects/932156534906/locations/us-central1/builds/f4f10dd5-3bdf-4bc5-a539-8514ef8a0810"},"done":false}
[debug] [2025-06-10T20:01:59.692Z] [update-default-us-central1-api] Retrying task index 0
[debug] [2025-06-10T20:01:59.693Z] Checked if tokens are valid: true, expires at: 1749588153436
[debug] [2025-06-10T20:01:59.693Z] Checked if tokens are valid: true, expires at: 1749588153436
[debug] [2025-06-10T20:01:59.693Z] >>> [apiv2][query] GET https://cloudfunctions.googleapis.com/v2/projects/shambaapp-fdb50/locations/us-central1/operations/operation-1749585696974-6373d29f8e661-83a510ae-57d9ed35 [none]
[debug] [2025-06-10T20:02:00.870Z] <<< [apiv2][status] GET https://cloudfunctions.googleapis.com/v2/projects/shambaapp-fdb50/locations/us-central1/operations/operation-1749585696974-6373d29f8e661-83a510ae-57d9ed35 200
[debug] [2025-06-10T20:02:00.871Z] <<< [apiv2][body] GET https://cloudfunctions.googleapis.com/v2/projects/shambaapp-fdb50/locations/us-central1/operations/operation-1749585696974-6373d29f8e661-83a510ae-57d9ed35 {"name":"projects/shambaapp-fdb50/locations/us-central1/operations/operation-1749585696974-6373d29f8e661-83a510ae-57d9ed35","metadata":{"@type":"type.googleapis.com/google.cloud.functions.v2.OperationMetadata","createTime":"2025-06-10T20:01:37.671462061Z","target":"projects/shambaapp-fdb50/locations/us-central1/functions/api","verb":"update","cancelRequested":false,"apiVersion":"v2","requestResource":{"@type":"type.googleapis.com/google.cloud.functions.v2.Function","name":"projects/shambaapp-fdb50/locations/us-central1/functions/api","buildConfig":{"runtime":"nodejs18","entryPoint":"api","source":{"storageSource":{"bucket":"gcf-v2-sources-932156534906-us-central1","object":"api/function-source.zip","generation":"1749585697612887"}},"environmentVariables":{"GOOGLE_NODE_RUN_SCRIPTS":""},"dockerRepository":"projects/shambaapp-fdb50/locations/us-central1/repositories/gcf-artifacts","sourceProvenance":{"resolvedStorageSource":{"bucket":"gcf-v2-sources-932156534906-us-central1","object":"api/function-source.zip","generation":"1749585159096285"}},"dockerRegistry":"ARTIFACT_REGISTRY","serviceAccount":"projects/shambaapp-fdb50/serviceAccounts/932156534906-compute@developer.gserviceaccount.com","automaticUpdatePolicy":{}},"serviceConfig":{"service":"projects/shambaapp-fdb50/locations/us-central1/services/api","timeoutSeconds":60,"environmentVariables":{"FIREBASE_CONFIG":"{\"projectId\":\"shambaapp-fdb50\",\"databaseURL\":\"https://shambaapp-fdb50-default-rtdb.firebaseio.com\",\"storageBucket\":\"shambaapp-fdb50.firebasestorage.app\"}","GCLOUD_PROJECT":"shambaapp-fdb50","EVENTARC_CLOUD_EVENT_SOURCE":"projects/shambaapp-fdb50/locations/us-central1/services/api","FUNCTION_TARGET":"api","LOG_EXECUTION_ID":"true"},"ingressSettings":"ALLOW_ALL","serviceAccountEmail":"932156534906-compute@developer.gserviceaccount.com","availableMemory":"256Mi","maxInstanceRequestConcurrency":80,"availableCpu":"1"},"state":"FAILED","labels":{"firebase-functions-hash":"268775735f0d3095d3aebcc8574b58bfbc44383e"},"stateMessages":[{"severity":"ERROR","type":"CloudRunServiceNotFound","message":"Cloud Run service projects/shambaapp-fdb50/locations/us-central1/services/api for the function was not found. The function will not work correctly. Please redeploy."}],"environment":"GEN_2","url":"https://us-central1-shambaapp-fdb50.cloudfunctions.net/api","satisfiesPzi":true},"stages":[{"name":"BUILD","message":"Build in progress","state":"IN_PROGRESS","resource":"projects/932156534906/locations/us-central1/builds/f4f10dd5-3bdf-4bc5-a539-8514ef8a0810","resourceUri":"https://console.cloud.google.com/cloud-build/builds;region=us-central1/f4f10dd5-3bdf-4bc5-a539-8514ef8a0810?project=932156534906"},{"name":"SERVICE","state":"NOT_STARTED"}],"operationType":"UPDATE_FUNCTION","buildName":"projects/932156534906/locations/us-central1/builds/f4f10dd5-3bdf-4bc5-a539-8514ef8a0810"},"done":false}
[debug] [2025-06-10T20:02:10.886Z] [update-default-us-central1-api] Retrying task index 0
[debug] [2025-06-10T20:02:10.887Z] Checked if tokens are valid: true, expires at: 1749588153436
[debug] [2025-06-10T20:02:10.887Z] Checked if tokens are valid: true, expires at: 1749588153436
[debug] [2025-06-10T20:02:10.887Z] >>> [apiv2][query] GET https://cloudfunctions.googleapis.com/v2/projects/shambaapp-fdb50/locations/us-central1/operations/operation-1749585696974-6373d29f8e661-83a510ae-57d9ed35 [none]
[debug] [2025-06-10T20:02:12.289Z] <<< [apiv2][status] GET https://cloudfunctions.googleapis.com/v2/projects/shambaapp-fdb50/locations/us-central1/operations/operation-1749585696974-6373d29f8e661-83a510ae-57d9ed35 200
[debug] [2025-06-10T20:02:12.289Z] <<< [apiv2][body] GET https://cloudfunctions.googleapis.com/v2/projects/shambaapp-fdb50/locations/us-central1/operations/operation-1749585696974-6373d29f8e661-83a510ae-57d9ed35 {"name":"projects/shambaapp-fdb50/locations/us-central1/operations/operation-1749585696974-6373d29f8e661-83a510ae-57d9ed35","metadata":{"@type":"type.googleapis.com/google.cloud.functions.v2.OperationMetadata","createTime":"2025-06-10T20:01:37.671462061Z","target":"projects/shambaapp-fdb50/locations/us-central1/functions/api","verb":"update","cancelRequested":false,"apiVersion":"v2","requestResource":{"@type":"type.googleapis.com/google.cloud.functions.v2.Function","name":"projects/shambaapp-fdb50/locations/us-central1/functions/api","buildConfig":{"runtime":"nodejs18","entryPoint":"api","source":{"storageSource":{"bucket":"gcf-v2-sources-932156534906-us-central1","object":"api/function-source.zip","generation":"1749585697612887"}},"environmentVariables":{"GOOGLE_NODE_RUN_SCRIPTS":""},"dockerRepository":"projects/shambaapp-fdb50/locations/us-central1/repositories/gcf-artifacts","sourceProvenance":{"resolvedStorageSource":{"bucket":"gcf-v2-sources-932156534906-us-central1","object":"api/function-source.zip","generation":"1749585159096285"}},"dockerRegistry":"ARTIFACT_REGISTRY","serviceAccount":"projects/shambaapp-fdb50/serviceAccounts/932156534906-compute@developer.gserviceaccount.com","automaticUpdatePolicy":{}},"serviceConfig":{"service":"projects/shambaapp-fdb50/locations/us-central1/services/api","timeoutSeconds":60,"environmentVariables":{"FIREBASE_CONFIG":"{\"projectId\":\"shambaapp-fdb50\",\"databaseURL\":\"https://shambaapp-fdb50-default-rtdb.firebaseio.com\",\"storageBucket\":\"shambaapp-fdb50.firebasestorage.app\"}","GCLOUD_PROJECT":"shambaapp-fdb50","EVENTARC_CLOUD_EVENT_SOURCE":"projects/shambaapp-fdb50/locations/us-central1/services/api","FUNCTION_TARGET":"api","LOG_EXECUTION_ID":"true"},"ingressSettings":"ALLOW_ALL","serviceAccountEmail":"932156534906-compute@developer.gserviceaccount.com","availableMemory":"256Mi","maxInstanceRequestConcurrency":80,"availableCpu":"1"},"state":"FAILED","labels":{"firebase-functions-hash":"268775735f0d3095d3aebcc8574b58bfbc44383e"},"stateMessages":[{"severity":"ERROR","type":"CloudRunServiceNotFound","message":"Cloud Run service projects/shambaapp-fdb50/locations/us-central1/services/api for the function was not found. The function will not work correctly. Please redeploy."}],"environment":"GEN_2","url":"https://us-central1-shambaapp-fdb50.cloudfunctions.net/api","satisfiesPzi":true},"stages":[{"name":"BUILD","message":"Build finished","state":"COMPLETE","resource":"projects/932156534906/locations/us-central1/builds/f4f10dd5-3bdf-4bc5-a539-8514ef8a0810","resourceUri":"https://console.cloud.google.com/cloud-build/builds;region=us-central1/f4f10dd5-3bdf-4bc5-a539-8514ef8a0810?project=932156534906"},{"name":"SERVICE","message":"Updating Cloud Run service","state":"IN_PROGRESS","resource":"projects/shambaapp-fdb50/locations/us-central1/services/api","resourceUri":"https://console.cloud.google.com/run/detail/us-central1/api?project=shambaapp-fdb50","stateMessages":[{"severity":"WARNING","type":"CloudRunServiceRecreated","message":"Cloud Run service projects/shambaapp-fdb50/locations/us-central1/services/api for the function was not found. The service was redeployed with default values."}]}],"sourceToken":"Cldwcm9qZWN0cy85MzIxNTY1MzQ5MDYvbG9jYXRpb25zL3VzLWNlbnRyYWwxL2J1aWxkcy9mNGYxMGRkNS0zYmRmLTRiYzUtYTUzOS04NTE0ZWY4YTA4MTASZnVzLWNlbnRyYWwxLWRvY2tlci5wa2cuZGV2L3NoYW1iYWFwcC1mZGI1MC9nY2YtYXJ0aWZhY3RzL3NoYW1iYWFwcC0tZmRiNTBfX3VzLS1jZW50cmFsMV9fYXBpOnZlcnNpb25fMRj64O/GkBsiPHByb2plY3RzL3NoYW1iYWFwcC1mZGI1MC9sb2NhdGlvbnMvdXMtY2VudHJhbDEvZnVuY3Rpb25zL2FwaSoMCNqeosIGELD2le8CMghub2RlanMxODp2CiNnY3IuaW8vZ2FlLXJ1bnRpbWVzL25vZGVqczE4OnN0YWJsZRJPdXMtY2VudHJhbDEtZG9ja2VyLnBrZy5kZXYvc2VydmVybGVzcy1ydW50aW1lcy9nb29nbGUtMjItZnVsbC9ydW50aW1lcy9ub2RlanMxOEAB","operationType":"UPDATE_FUNCTION","buildName":"projects/932156534906/locations/us-central1/builds/f4f10dd5-3bdf-4bc5-a539-8514ef8a0810"},"done":false}
[debug] [2025-06-10T20:02:12.290Z] Got source token Cldwcm9qZWN0cy85MzIxNTY1MzQ5MDYvbG9jYXRpb25zL3VzLWNlbnRyYWwxL2J1aWxkcy9mNGYxMGRkNS0zYmRmLTRiYzUtYTUzOS04NTE0ZWY4YTA4MTASZnVzLWNlbnRyYWwxLWRvY2tlci5wa2cuZGV2L3NoYW1iYWFwcC1mZGI1MC9nY2YtYXJ0aWZhY3RzL3NoYW1iYWFwcC0tZmRiNTBfX3VzLS1jZW50cmFsMV9fYXBpOnZlcnNpb25fMRj64O/GkBsiPHByb2plY3RzL3NoYW1iYWFwcC1mZGI1MC9sb2NhdGlvbnMvdXMtY2VudHJhbDEvZnVuY3Rpb25zL2FwaSoMCNqeosIGELD2le8CMghub2RlanMxODp2CiNnY3IuaW8vZ2FlLXJ1bnRpbWVzL25vZGVqczE4OnN0YWJsZRJPdXMtY2VudHJhbDEtZG9ja2VyLnBrZy5kZXYvc2VydmVybGVzcy1ydW50aW1lcy9nb29nbGUtMjItZnVsbC9ydW50aW1lcy9ub2RlanMxOEAB for region us-central1
[debug] [2025-06-10T20:02:22.292Z] [update-default-us-central1-api] Retrying task index 0
[debug] [2025-06-10T20:02:22.292Z] Checked if tokens are valid: true, expires at: 1749588153436
[debug] [2025-06-10T20:02:22.292Z] Checked if tokens are valid: true, expires at: 1749588153436
[debug] [2025-06-10T20:02:22.293Z] >>> [apiv2][query] GET https://cloudfunctions.googleapis.com/v2/projects/shambaapp-fdb50/locations/us-central1/operations/operation-1749585696974-6373d29f8e661-83a510ae-57d9ed35 [none]
[debug] [2025-06-10T20:02:24.011Z] <<< [apiv2][status] GET https://cloudfunctions.googleapis.com/v2/projects/shambaapp-fdb50/locations/us-central1/operations/operation-1749585696974-6373d29f8e661-83a510ae-57d9ed35 200
[debug] [2025-06-10T20:02:24.011Z] <<< [apiv2][body] GET https://cloudfunctions.googleapis.com/v2/projects/shambaapp-fdb50/locations/us-central1/operations/operation-1749585696974-6373d29f8e661-83a510ae-57d9ed35 {"name":"projects/shambaapp-fdb50/locations/us-central1/operations/operation-1749585696974-6373d29f8e661-83a510ae-57d9ed35","metadata":{"@type":"type.googleapis.com/google.cloud.functions.v2.OperationMetadata","createTime":"2025-06-10T20:01:37.671462061Z","endTime":"2025-06-10T20:02:44.214780717Z","target":"projects/shambaapp-fdb50/locations/us-central1/functions/api","verb":"update","cancelRequested":false,"apiVersion":"v2","requestResource":{"@type":"type.googleapis.com/google.cloud.functions.v2.Function","name":"projects/shambaapp-fdb50/locations/us-central1/functions/api","buildConfig":{"runtime":"nodejs18","entryPoint":"api","source":{"storageSource":{"bucket":"gcf-v2-sources-932156534906-us-central1","object":"api/function-source.zip","generation":"1749585697612887"}},"environmentVariables":{"GOOGLE_NODE_RUN_SCRIPTS":""},"dockerRepository":"projects/shambaapp-fdb50/locations/us-central1/repositories/gcf-artifacts","sourceProvenance":{"resolvedStorageSource":{"bucket":"gcf-v2-sources-932156534906-us-central1","object":"api/function-source.zip","generation":"1749585159096285"}},"dockerRegistry":"ARTIFACT_REGISTRY","serviceAccount":"projects/shambaapp-fdb50/serviceAccounts/932156534906-compute@developer.gserviceaccount.com","automaticUpdatePolicy":{}},"serviceConfig":{"service":"projects/shambaapp-fdb50/locations/us-central1/services/api","timeoutSeconds":60,"environmentVariables":{"FIREBASE_CONFIG":"{\"projectId\":\"shambaapp-fdb50\",\"databaseURL\":\"https://shambaapp-fdb50-default-rtdb.firebaseio.com\",\"storageBucket\":\"shambaapp-fdb50.firebasestorage.app\"}","GCLOUD_PROJECT":"shambaapp-fdb50","EVENTARC_CLOUD_EVENT_SOURCE":"projects/shambaapp-fdb50/locations/us-central1/services/api","FUNCTION_TARGET":"api","LOG_EXECUTION_ID":"true"},"ingressSettings":"ALLOW_ALL","serviceAccountEmail":"932156534906-compute@developer.gserviceaccount.com","availableMemory":"256Mi","maxInstanceRequestConcurrency":80,"availableCpu":"1"},"state":"FAILED","labels":{"firebase-functions-hash":"268775735f0d3095d3aebcc8574b58bfbc44383e"},"stateMessages":[{"severity":"ERROR","type":"CloudRunServiceNotFound","message":"Cloud Run service projects/shambaapp-fdb50/locations/us-central1/services/api for the function was not found. The function will not work correctly. Please redeploy."}],"environment":"GEN_2","url":"https://us-central1-shambaapp-fdb50.cloudfunctions.net/api","satisfiesPzi":true},"stages":[{"name":"SERVICE","state":"NOT_STARTED"}],"operationType":"UPDATE_FUNCTION"},"done":true,"error":{"code":3,"message":"Could not create or update Cloud Run service api, Container Healthcheck failed. Revision 'api-00001-xur' is not ready and cannot serve traffic. The user-provided container failed to start and listen on the port defined provided by the PORT=8080 environment variable within the allocated timeout. This can happen when the container port is misconfigured or if the timeout is too short. The health check timeout can be extended. Logs for this revision might contain more information.\n\nLogs URL: https://console.cloud.google.com/logs/viewer?project=shambaapp-fdb50&resource=cloud_run_revision/service_name/api/revision_name/api-00001-xur&advancedFilter=resource.type%3D%22cloud_run_revision%22%0Aresource.labels.service_name%3D%22api%22%0Aresource.labels.revision_name%3D%22api-00001-xur%22 \nFor more troubleshooting guidance, see https://cloud.google.com/run/docs/troubleshooting#container-failed-to-start"}}
[debug] [2025-06-10T20:02:24.011Z] Got source token undefined for region us-central1
[error] Could not create or update Cloud Run service api, Container Healthcheck failed. Revision 'api-00001-xur' is not ready and cannot serve traffic. The user-provided container failed to start and listen on the port defined provided by the PORT=8080 environment variable within the allocated timeout. This can happen when the container port is misconfigured or if the timeout is too short. The health check timeout can be extended. Logs for this revision might contain more information.

Logs URL: https://console.cloud.google.com/logs/viewer?project=shambaapp-fdb50&resource=cloud_run_revision/service_name/api/revision_name/api-00001-xur&advancedFilter=resource.type%3D%22cloud_run_revision%22%0Aresource.labels.service_name%3D%22api%22%0Aresource.labels.revision_name%3D%22api-00001-xur%22 
For more troubleshooting guidance, see https://cloud.google.com/run/docs/troubleshooting#container-failed-to-start
[debug] [2025-06-10T20:02:24.024Z] Total Function Deployment time: 71133
[debug] [2025-06-10T20:02:24.024Z] 1 Functions Deployed
[debug] [2025-06-10T20:02:24.024Z] 1 Functions Errored
[debug] [2025-06-10T20:02:24.024Z] 0 Function Deployments Aborted
[debug] [2025-06-10T20:02:24.024Z] Average Function Deployment time: 71131
[info] 
[info] Functions deploy had errors with the following functions:
	api(us-central1)
[debug] [2025-06-10T20:02:24.561Z] Not printing URL for HTTPS function. Typically this means it didn't match a filter or we failed deployment
[info] i  functions: cleaning up build files... 
[debug] [2025-06-10T20:02:24.563Z] Checked if tokens are valid: true, expires at: 1749588153436
[debug] [2025-06-10T20:02:24.564Z] Checked if tokens are valid: true, expires at: 1749588153436
[debug] [2025-06-10T20:02:24.565Z] Checked if tokens are valid: true, expires at: 1749588153436
[debug] [2025-06-10T20:02:24.566Z] Checked if tokens are valid: true, expires at: 1749588153436
[debug] [2025-06-10T20:02:24.566Z] >>> [apiv2][query] DELETE https://artifactregistry.googleapis.com/v1/projects/shambaapp-fdb50/locations/us-central1/repositories/gcf-artifacts/packages/shambaapp--fdb50__us--central1__api [none]
[debug] [2025-06-10T20:02:24.568Z] >>> [apiv2][query] GET https://us.gcr.io/v2/shambaapp-fdb50/gcf/us-central1/tags/list [none]
[debug] [2025-06-10T20:02:25.547Z] <<< [apiv2][status] GET https://us.gcr.io/v2/shambaapp-fdb50/gcf/us-central1/tags/list 404
[debug] [2025-06-10T20:02:25.548Z] <<< [apiv2][body] GET https://us.gcr.io/v2/shambaapp-fdb50/gcf/us-central1/tags/list {"errors":[{"code":"NAME_UNKNOWN","message":"Repository \"us.gcr.io\" not found"}]}
[debug] [2025-06-10T20:02:25.549Z] Failed docker command with error  Request to https://us.gcr.io/v2/shambaapp-fdb50/gcf/us-central1/tags/list had HTTP Error: 404, Not Found {"name":"FirebaseError","children":[],"context":{"body":{"errors":[{"code":"NAME_UNKNOWN","message":"Repository \"us.gcr.io\" not found"}],"error":{"message":"Not Found"}},"response":{"statusCode":404}},"exit":1,"message":"Request to https://us.gcr.io/v2/shambaapp-fdb50/gcf/us-central1/tags/list had HTTP Error: 404, Not Found","status":404}
[debug] [2025-06-10T20:02:25.558Z] Checked if tokens are valid: true, expires at: 1749588153436
[debug] [2025-06-10T20:02:25.558Z] Checked if tokens are valid: true, expires at: 1749588153436
[debug] [2025-06-10T20:02:25.558Z] >>> [apiv2][query] GET https://us.gcr.io/v2/shambaapp-fdb50/gcf/us-central1/tags/list [none]
[debug] [2025-06-10T20:02:26.060Z] <<< [apiv2][status] DELETE https://artifactregistry.googleapis.com/v1/projects/shambaapp-fdb50/locations/us-central1/repositories/gcf-artifacts/packages/shambaapp--fdb50__us--central1__api 200
[debug] [2025-06-10T20:02:26.060Z] <<< [apiv2][body] DELETE https://artifactregistry.googleapis.com/v1/projects/shambaapp-fdb50/locations/us-central1/repositories/gcf-artifacts/packages/shambaapp--fdb50__us--central1__api {"name":"projects/shambaapp-fdb50/locations/us-central1/operations/e07ae330-7227-45c4-bfe0-93b3299c874b","metadata":{"@type":"type.googleapis.com/google.devtools.artifactregistry.v1.OperationMetadata"}}
[debug] [2025-06-10T20:02:26.060Z] Checked if tokens are valid: true, expires at: 1749588153436
[debug] [2025-06-10T20:02:26.060Z] Checked if tokens are valid: true, expires at: 1749588153436
[debug] [2025-06-10T20:02:26.061Z] >>> [apiv2][query] GET https://artifactregistry.googleapis.com/v1/projects/shambaapp-fdb50/locations/us-central1/operations/e07ae330-7227-45c4-bfe0-93b3299c874b [none]
[debug] [2025-06-10T20:02:26.441Z] <<< [apiv2][status] GET https://us.gcr.io/v2/shambaapp-fdb50/gcf/us-central1/tags/list 404
[debug] [2025-06-10T20:02:26.441Z] <<< [apiv2][body] GET https://us.gcr.io/v2/shambaapp-fdb50/gcf/us-central1/tags/list {"errors":[{"code":"NAME_UNKNOWN","message":"Repository \"us.gcr.io\" not found"}]}
[debug] [2025-06-10T20:02:26.442Z] Failed docker command with error  Request to https://us.gcr.io/v2/shambaapp-fdb50/gcf/us-central1/tags/list had HTTP Error: 404, Not Found {"name":"FirebaseError","children":[],"context":{"body":{"errors":[{"code":"NAME_UNKNOWN","message":"Repository \"us.gcr.io\" not found"}],"error":{"message":"Not Found"}},"response":{"statusCode":404}},"exit":1,"message":"Request to https://us.gcr.io/v2/shambaapp-fdb50/gcf/us-central1/tags/list had HTTP Error: 404, Not Found","status":404}
[debug] [2025-06-10T20:02:26.554Z] Checked if tokens are valid: true, expires at: 1749588153436
[debug] [2025-06-10T20:02:26.555Z] Checked if tokens are valid: true, expires at: 1749588153436
[debug] [2025-06-10T20:02:26.555Z] >>> [apiv2][query] GET https://us.gcr.io/v2/shambaapp-fdb50/gcf/us-central1/tags/list [none]
[debug] [2025-06-10T20:02:27.081Z] <<< [apiv2][status] GET https://artifactregistry.googleapis.com/v1/projects/shambaapp-fdb50/locations/us-central1/operations/e07ae330-7227-45c4-bfe0-93b3299c874b 200
[debug] [2025-06-10T20:02:27.082Z] <<< [apiv2][body] GET https://artifactregistry.googleapis.com/v1/projects/shambaapp-fdb50/locations/us-central1/operations/e07ae330-7227-45c4-bfe0-93b3299c874b {"name":"projects/shambaapp-fdb50/locations/us-central1/operations/e07ae330-7227-45c4-bfe0-93b3299c874b","metadata":{"@type":"type.googleapis.com/google.devtools.artifactregistry.v1.OperationMetadata"},"done":true,"response":{"@type":"type.googleapis.com/google.protobuf.Empty"}}
[debug] [2025-06-10T20:02:27.240Z] <<< [apiv2][status] GET https://us.gcr.io/v2/shambaapp-fdb50/gcf/us-central1/tags/list 404
[debug] [2025-06-10T20:02:27.240Z] <<< [apiv2][body] GET https://us.gcr.io/v2/shambaapp-fdb50/gcf/us-central1/tags/list {"errors":[{"code":"NAME_UNKNOWN","message":"Repository \"us.gcr.io\" not found"}]}
[debug] [2025-06-10T20:02:27.241Z] Failed docker command with error  Request to https://us.gcr.io/v2/shambaapp-fdb50/gcf/us-central1/tags/list had HTTP Error: 404, Not Found {"name":"FirebaseError","children":[],"context":{"body":{"errors":[{"code":"NAME_UNKNOWN","message":"Repository \"us.gcr.io\" not found"}],"error":{"message":"Not Found"}},"response":{"statusCode":404}},"exit":1,"message":"Request to https://us.gcr.io/v2/shambaapp-fdb50/gcf/us-central1/tags/list had HTTP Error: 404, Not Found","status":404}
[warn] !  functions: Unhandled error cleaning up build images. This could result in a small monthly bill if not corrected. You can attempt to delete these images by redeploying or you can delete them manually at https://console.cloud.google.com/gcr/images/shambaapp-fdb50/us/gcf 
[debug] [2025-06-10T20:02:27.242Z] Functions deploy failed.
[debug] [2025-06-10T20:02:27.242Z] {
  "endpoint": {
    "id": "api",
    "project": "shambaapp-fdb50",
    "region": "us-central1",
    "entryPoint": "api",
    "platform": "gcfv2",
    "runtime": "nodejs18",
    "httpsTrigger": {},
    "labels": {
      "deployment-tool": "cli-firebase"
    },
    "ingressSettings": null,
    "availableMemoryMb": null,
    "serviceAccount": null,
    "timeoutSeconds": null,
    "maxInstances": null,
    "minInstances": null,
    "concurrency": 80,
    "vpc": null,
    "environmentVariables": {
      "FIREBASE_CONFIG": "{\"projectId\":\"shambaapp-fdb50\",\"databaseURL\":\"https://shambaapp-fdb50-default-rtdb.firebaseio.com\",\"storageBucket\":\"shambaapp-fdb50.firebasestorage.app\"}",
      "GCLOUD_PROJECT": "shambaapp-fdb50",
      "EVENTARC_CLOUD_EVENT_SOURCE": "projects/shambaapp-fdb50/locations/us-central1/services/api"
    },
    "codebase": "default",
    "securityLevel": "SECURE_ALWAYS",
    "cpu": 1,
    "targetedByOnly": false,
    "hash": "268775735f0d3095d3aebcc8574b58bfbc44383e"
  },
  "op": "update",
  "original": {
    "name": "FirebaseError",
    "children": [],
    "exit": 1,
    "message": "Could not create or update Cloud Run service api, Container Healthcheck failed. Revision 'api-00001-xur' is not ready and cannot serve traffic. The user-provided container failed to start and listen on the port defined provided by the PORT=8080 environment variable within the allocated timeout. This can happen when the container port is misconfigured or if the timeout is too short. The health check timeout can be extended. Logs for this revision might contain more information.\n\nLogs URL: https://console.cloud.google.com/logs/viewer?project=shambaapp-fdb50&resource=cloud_run_revision/service_name/api/revision_name/api-00001-xur&advancedFilter=resource.type%3D%22cloud_run_revision%22%0Aresource.labels.service_name%3D%22api%22%0Aresource.labels.revision_name%3D%22api-00001-xur%22 \nFor more troubleshooting guidance, see https://cloud.google.com/run/docs/troubleshooting#container-failed-to-start",
    "original": {
      "code": 3,
      "message": "Could not create or update Cloud Run service api, Container Healthcheck failed. Revision 'api-00001-xur' is not ready and cannot serve traffic. The user-provided container failed to start and listen on the port defined provided by the PORT=8080 environment variable within the allocated timeout. This can happen when the container port is misconfigured or if the timeout is too short. The health check timeout can be extended. Logs for this revision might contain more information.\n\nLogs URL: https://console.cloud.google.com/logs/viewer?project=shambaapp-fdb50&resource=cloud_run_revision/service_name/api/revision_name/api-00001-xur&advancedFilter=resource.type%3D%22cloud_run_revision%22%0Aresource.labels.service_name%3D%22api%22%0Aresource.labels.revision_name%3D%22api-00001-xur%22 \nFor more troubleshooting guidance, see https://cloud.google.com/run/docs/troubleshooting#container-failed-to-start"
    },
    "status": 3,
    "code": 3
  }
}
[debug] [2025-06-10T20:02:27.634Z] Error: Failed to update function api in region us-central1
    at C:\Users\smuindi\AppData\Roaming\npm\node_modules\firebase-tools\lib\deploy\functions\release\fabricator.js:399:19
    at process.processTicksAndRejections (node:internal/process/task_queues:95:5)
    at async Fabricator.updateV2Function (C:\Users\smuindi\AppData\Roaming\npm\node_modules\firebase-tools\lib\deploy\functions\release\fabricator.js:388:32)
    at async Fabricator.updateEndpoint (C:\Users\smuindi\AppData\Roaming\npm\node_modules\firebase-tools\lib\deploy\functions\release\fabricator.js:155:13)
    at async handle (C:\Users\smuindi\AppData\Roaming\npm\node_modules\firebase-tools\lib\deploy\functions\release\fabricator.js:89:17)
[error] 
[error] Error: There was an error deploying functions
